// Jest Snapshot v1, https://goo.gl/fbAQLP

exports[`Gallery snapshot matches snapshot 1`] = `<DocumentFragment />`;
